// Jest Snapshot v1, https://goo.gl/fbAQLP

exports[`renders correctly 1`] = `
<View
  style={
    Object {
      "alignItems": "center",
      "flex": 1,
      "justifyContent": "center",
    }
  }
>
  <Text>
    Home screen
  </Text>
  <Text>
    The current language is update !
  </Text>
  <View
    accessible={true}
    isTVSelectable={true}
    onResponderGrant={[Function]}
    onResponderMove={[Function]}
    onResponderRelease={[Function]}
    onResponderTerminate={[Function]}
    onResponderTerminationRequest={[Function]}
    onStartShouldSetResponder={[Function]}
    style={
      Object {
        "backgroundColor": "#0095ff",
        "borderColor": "#fff",
        "borderRadius": 2,
        "borderWidth": 1,
        "marginHorizontal": 10,
        "opacity": 1,
        "paddingHorizontal": 10,
        "paddingVertical": 7,
      }
    }
  >
    <Text
      style={
        Object {
          "color": "white",
          "fontWeight": "bold",
        }
      }
    >
      Go to Profile
    </Text>
  </View>
</View>
`;
